// Jest Snapshot v1, https://goo.gl/fbAQLP

exports[`SignIn Component matches the snapshot 1`] = `
<DocumentFragment>
  <div
    class="container my-5"
  >
    <div
      class="card shadow"
    >
      <div
        class="card-body"
      >
        <h2
          class="fw-bold"
        >
          Sign In
        </h2>
        <p
          class="text-muted"
        >
          Access your account
        </p>
        <form
          data-testid="signin-form"
        >
          <div
            class="mb-3"
          >
            <label
              class="form-label"
              for="email"
            >
              Email
            </label>
            <input
              class="form-control"
              id="email"
              name="email"
              placeholder="your@email.com"
              type="email"
            />
          </div>
          <div
            class="mb-3"
          >
            <label
              class="form-label"
              for="password"
            >
              Password
            </label>
            <input
              class="form-control"
              id="password"
              name="password"
              placeholder="••••••••"
              type="password"
            />
          </div>
          <button
            class="btn btn-primary w-100 py-2 fw-bold"
            data-testid="signin-button"
            type="submit"
          >
            Sign In
          </button>
        </form>
        <div
          class="mt-3 text-center"
        >
          <p
            class="text-muted"
          >
            Don't have an account? 
            <a
              class="text-decoration-none"
              href="/sign-up"
            >
              Sign up
            </a>
          </p>
        </div>
      </div>
    </div>
  </div>
</DocumentFragment>
`;
