// Jest Snapshot v1, https://goo.gl/fbAQLP

exports[`SignUp Component matches the snapshot 1`] = `
<DocumentFragment>
  <div
    class="container my-5"
  >
    <div
      class="card shadow"
    >
      <div
        class="card-body"
      >
        <h1
          class="fw-bold"
        >
          Create Account
        </h1>
        <form
          data-testid="signup-form"
        >
          <div
            class="mb-3"
          >
            <label
              class="form-label"
              for="name"
            >
              Full Name
            </label>
            <input
              class="form-control"
              id="name"
              name="name"
              placeholder="John Doe"
              type="text"
            />
          </div>
          <div
            class="mb-3"
          >
            <label
              class="form-label"
              for="email"
            >
              Email
            </label>
            <input
              class="form-control"
              id="email"
              name="email"
              placeholder="your@email.com"
              type="email"
            />
          </div>
          <div
            class="mb-3"
          >
            <label
              class="form-label"
              for="password"
            >
              Password
            </label>
            <input
              class="form-control"
              id="password"
              name="password"
              placeholder="••••••••"
              type="password"
            />
          </div>
          <div
            class="mb-4"
          >
            <label
              class="form-label"
              for="password_confirmation"
            >
              Confirm Password
            </label>
            <input
              class="form-control"
              id="password_confirmation"
              name="password_confirmation"
              placeholder="••••••••"
              type="password"
            />
          </div>
          <button
            class="btn btn-primary w-100 py-2 fw-bold"
            type="submit"
          >
            Sign Up
          </button>
        </form>
      </div>
    </div>
  </div>
</DocumentFragment>
`;
